{
    "count": 68,
    "next": "http://localhost:8000/weapons/?page=2",
    "previous": null,
    "results": [
        {
            "category": "Simple Melee Weapons",
            "cost": "1 sp",
            "damage_dice": "1d4",
            "damage_type": "bludgeoning",
            "document__license_url": "http://open5e.com/legal",
            "document__slug": "wotc-srd",
            "document__title": "5e Core Rules",
            "document__url": "http://dnd.wizards.com/articles/features/systems-reference-document-srd",
            "name": "Club",
            "properties": [
                "light"
            ],
            "slug": "club",
            "weight": "2 lb."
        },
        {
            "category": "Simple Melee Weapons",
            "cost": "2 gp",
            "damage_dice": "1d4",
            "damage_type": "piercing",
            "document__license_url": "http://open5e.com/legal",
            "document__slug": "wotc-srd",
            "document__title": "5e Core Rules",
            "document__url": "http://dnd.wizards.com/articles/features/systems-reference-document-srd",
            "name": "Dagger",
            "properties": [
                "finesse",
                "light",
                "thrown (range 20/60)"
            ],
            "slug": "dagger",
            "weight": "1 lb."
        },
        {
            "category": "Simple Melee Weapons",
            "cost": "2 sp",
            "damage_dice": "1d8",
            "damage_type": "bludgeoning",
            "document__license_url": "http://open5e.com/legal",
            "document__slug": "wotc-srd",
            "document__title": "5e Core Rules",
            "document__url": "http://dnd.wizards.com/articles/features/systems-reference-document-srd",
            "name": "Greatclub",
            "properties": [
                "two-handed"
            ],
            "slug": "greatclub",
            "weight": "10 lb."
        },
        {
            "category": "Simple Melee Weapons",
            "cost": "5 gp",
            "damage_dice": "1d6",
            "damage_type": "slashing",
            "document__license_url": "http://open5e.com/legal",
            "document__slug": "wotc-srd",
            "document__title": "5e Core Rules",
            "document__url": "http://dnd.wizards.com/articles/features/systems-reference-document-srd",
            "name": "Handaxe",
            "properties": [
                "light",
                "thrown (range 20/60)"
            ],
            "slug": "handaxe",
            "weight": "2 lb."
        },
        {
            "category": "Simple Melee Weapons",
            "cost": "5 sp",
            "damage_dice": "1d6",
            "damage_type": "piercing",
            "document__license_url": "http://open5e.com/legal",
            "document__slug": "wotc-srd",
            "document__title": "5e Core Rules",
            "document__url": "http://dnd.wizards.com/articles/features/systems-reference-document-srd",
            "name": "Javelin",
            "properties": [
                "thrown (range 30/120)"
            ],
            "slug": "javelin",
            "weight": "2 lb."
        },
        {
            "category": "Simple Melee Weapons",
            "cost": "2 gp",
            "damage_dice": "1d4",
            "damage_type": "bludgeoning",
            "document__license_url": "http://open5e.com/legal",
            "document__slug": "wotc-srd",
            "document__title": "5e Core Rules",
            "document__url": "http://dnd.wizards.com/articles/features/systems-reference-document-srd",
            "name": "Light hammer",
            "properties": [
                "light",
                "thrown (range 20/60)"
            ],
            "slug": "light-hammer",
            "weight": "2 lb."
        },
        {
            "category": "Simple Melee Weapons",
            "cost": "5 gp",
            "damage_dice": "1d6",
            "damage_type": "bludgeoning",
            "document__license_url": "http://open5e.com/legal",
            "document__slug": "wotc-srd",
            "document__title": "5e Core Rules",
            "document__url": "http://dnd.wizards.com/articles/features/systems-reference-document-srd",
            "name": "Mace",
            "properties": [],
            "slug": "mace",
            "weight": "4 lb."
        },
        {
            "category": "Simple Melee Weapons",
            "cost": "2 sp",
            "damage_dice": "1d6",
            "damage_type": "bludgeoning",
            "document__license_url": "http://open5e.com/legal",
            "document__slug": "wotc-srd",
            "document__title": "5e Core Rules",
            "document__url": "http://dnd.wizards.com/articles/features/systems-reference-document-srd",
            "name": "Quarterstaff",
            "properties": [
                "versatile (1d8)"
            ],
            "slug": "quarterstaff",
            "weight": "4 lb."
        },
        {
            "category": "Simple Melee Weapons",
            "cost": "1 gp",
            "damage_dice": "1d4",
            "damage_type": "slashing",
            "document__license_url": "http://open5e.com/legal",
            "document__slug": "wotc-srd",
            "document__title": "5e Core Rules",
            "document__url": "http://dnd.wizards.com/articles/features/systems-reference-document-srd",
            "name": "Sickle",
            "properties": [
                "light"
            ],
            "slug": "sickle",
            "weight": "2 lb."
        },
        {
            "category": "Simple Melee Weapons",
            "cost": "1 gp",
            "damage_dice": "1d6",
            "damage_type": "piercing",
            "document__license_url": "http://open5e.com/legal",
            "document__slug": "wotc-srd",
            "document__title": "5e Core Rules",
            "document__url": "http://dnd.wizards.com/articles/features/systems-reference-document-srd",
            "name": "Spear",
            "properties": [
                "thrown (range 20/60)",
                "versatile (1d8)"
            ],
            "slug": "spear",
            "weight": "3 lb."
        },
        {
            "category": "Simple Ranged Weapons",
            "cost": "25 gp",
            "damage_dice": "1d8",
            "damage_type": "piercing",
            "document__license_url": "http://open5e.com/legal",
            "document__slug": "wotc-srd",
            "document__title": "5e Core Rules",
            "document__url": "http://dnd.wizards.com/articles/features/systems-reference-document-srd",
            "name": "Crossbow, light",
            "properties": [
                "ammunition (range 80/320)",
                "loading",
                "two-handed"
            ],
            "slug": "crossbow-light",
            "weight": "5 lb."
        },
        {
            "category": "Simple Ranged Weapons",
            "cost": "5 cp",
            "damage_dice": "1d4",
            "damage_type": "piercing",
            "document__license_url": "http://open5e.com/legal",
            "document__slug": "wotc-srd",
            "document__title": "5e Core Rules",
            "document__url": "http://dnd.wizards.com/articles/features/systems-reference-document-srd",
            "name": "Dart",
            "properties": [
                "finesse",
                "thrown (range 20/60)"
            ],
            "slug": "dart",
            "weight": "1/4 lb."
        },
        {
            "category": "Simple Ranged Weapons",
            "cost": "25 gp",
            "damage_dice": "1d6",
            "damage_type": "piercing",
            "document__license_url": "http://open5e.com/legal",
            "document__slug": "wotc-srd",
            "document__title": "5e Core Rules",
            "document__url": "http://dnd.wizards.com/articles/features/systems-reference-document-srd",
            "name": "Shortbow",
            "properties": [
                "ammunition (range 80/320)",
                "two-handed"
            ],
            "slug": "shortbow",
            "weight": "2 lb."
        },
        {
            "category": "Simple Ranged Weapons",
            "cost": "1 sp",
            "damage_dice": "1d4",
            "damage_type": "bludgeoning",
            "document__license_url": "http://open5e.com/legal",
            "document__slug": "wotc-srd",
            "document__title": "5e Core Rules",
            "document__url": "http://dnd.wizards.com/articles/features/systems-reference-document-srd",
            "name": "Sling",
            "properties": [
                "ammunition (range 30/120)"
            ],
            "slug": "sling",
            "weight": "0 lb."
        },
        {
            "category": "Martial Melee Weapons",
            "cost": "10 gp",
            "damage_dice": "1d8",
            "damage_type": "slashing",
            "document__license_url": "http://open5e.com/legal",
            "document__slug": "wotc-srd",
            "document__title": "5e Core Rules",
            "document__url": "http://dnd.wizards.com/articles/features/systems-reference-document-srd",
            "name": "Battleaxe",
            "properties": [
                "versatile (1d10)"
            ],
            "slug": "battleaxe",
            "weight": "4 lb."
        },
        {
            "category": "Martial Melee Weapons",
            "cost": "10 gp",
            "damage_dice": "1d8",
            "damage_type": "bludgeoning",
            "document__license_url": "http://open5e.com/legal",
            "document__slug": "wotc-srd",
            "document__title": "5e Core Rules",
            "document__url": "http://dnd.wizards.com/articles/features/systems-reference-document-srd",
            "name": "Flail",
            "properties": [],
            "slug": "flail",
            "weight": "2 lb."
        },
        {
            "category": "Martial Melee Weapons",
            "cost": "20 gp",
            "damage_dice": "1d10",
            "damage_type": "slashing",
            "document__license_url": "http://open5e.com/legal",
            "document__slug": "wotc-srd",
            "document__title": "5e Core Rules",
            "document__url": "http://dnd.wizards.com/articles/features/systems-reference-document-srd",
            "name": "Glaive",
            "properties": [
                "heavy",
                "reach",
                "two-handed"
            ],
            "slug": "glaive",
            "weight": "6 lb."
        },
        {
            "category": "Martial Melee Weapons",
            "cost": "30 gp",
            "damage_dice": "1d12",
            "damage_type": "slashing",
            "document__license_url": "http://open5e.com/legal",
            "document__slug": "wotc-srd",
            "document__title": "5e Core Rules",
            "document__url": "http://dnd.wizards.com/articles/features/systems-reference-document-srd",
            "name": "Greataxe",
            "properties": [
                "heavy",
                "two-handed"
            ],
            "slug": "greataxe",
            "weight": "7 lb."
        },
        {
            "category": "Martial Melee Weapons",
            "cost": "50 gp",
            "damage_dice": "2d6",
            "damage_type": "slashing",
            "document__license_url": "http://open5e.com/legal",
            "document__slug": "wotc-srd",
            "document__title": "5e Core Rules",
            "document__url": "http://dnd.wizards.com/articles/features/systems-reference-document-srd",
            "name": "Greatsword",
            "properties": [
                "heavy",
                "two-handed"
            ],
            "slug": "greatsword",
            "weight": "6 lb."
        },
        {
            "category": "Martial Melee Weapons",
            "cost": "20 gp",
            "damage_dice": "1d10",
            "damage_type": "slashing",
            "document__license_url": "http://open5e.com/legal",
            "document__slug": "wotc-srd",
            "document__title": "5e Core Rules",
            "document__url": "http://dnd.wizards.com/articles/features/systems-reference-document-srd",
            "name": "Halberd",
            "properties": [
                "heavy",
                "reach",
                "two-handed"
            ],
            "slug": "halberd",
            "weight": "6 lb."
        },
        {
            "category": "Martial Melee Weapons",
            "cost": "10 gp",
            "damage_dice": "1d12",
            "damage_type": "piercing",
            "document__license_url": "http://open5e.com/legal",
            "document__slug": "wotc-srd",
            "document__title": "5e Core Rules",
            "document__url": "http://dnd.wizards.com/articles/features/systems-reference-document-srd",
            "name": "Lance",
            "properties": [
                "reach",
                "special"
            ],
            "slug": "lance",
            "weight": "6 lb."
        },
        {
            "category": "Martial Melee Weapons",
            "cost": "15 gp",
            "damage_dice": "1d8",
            "damage_type": "slashing",
            "document__license_url": "http://open5e.com/legal",
            "document__slug": "wotc-srd",
            "document__title": "5e Core Rules",
            "document__url": "http://dnd.wizards.com/articles/features/systems-reference-document-srd",
            "name": "Longsword",
            "properties": [
                "versatile (1d10)"
            ],
            "slug": "longsword",
            "weight": "3 lb."
        },
        {
            "category": "Martial Melee Weapons",
            "cost": "10 gp",
            "damage_dice": "2d6",
            "damage_type": "bludgeoning",
            "document__license_url": "http://open5e.com/legal",
            "document__slug": "wotc-srd",
            "document__title": "5e Core Rules",
            "document__url": "http://dnd.wizards.com/articles/features/systems-reference-document-srd",
            "name": "Maul",
            "properties": [
                "heavy",
                "two-handed"
            ],
            "slug": "maul",
            "weight": "10 lb."
        },
        {
            "category": "Martial Melee Weapons",
            "cost": "15 gp",
            "damage_dice": "1d8",
            "damage_type": "piercing",
            "document__license_url": "http://open5e.com/legal",
            "document__slug": "wotc-srd",
            "document__title": "5e Core Rules",
            "document__url": "http://dnd.wizards.com/articles/features/systems-reference-document-srd",
            "name": "Morningstar",
            "properties": null,
            "slug": "morningstar",
            "weight": "4 lb."
        },
        {
            "category": "Martial Melee Weapons",
            "cost": "5 gp",
            "damage_dice": "1d10",
            "damage_type": "piercing",
            "document__license_url": "http://open5e.com/legal",
            "document__slug": "wotc-srd",
            "document__title": "5e Core Rules",
            "document__url": "http://dnd.wizards.com/articles/features/systems-reference-document-srd",
            "name": "Pike",
            "properties": [
                "heavy",
                "reach",
                "two-handed"
            ],
            "slug": "pike",
            "weight": "18 lb."
        },
        {
            "category": "Martial Melee Weapons",
            "cost": "25 gp",
            "damage_dice": "1d8",
            "damage_type": "piercing",
            "document__license_url": "http://open5e.com/legal",
            "document__slug": "wotc-srd",
            "document__title": "5e Core Rules",
            "document__url": "http://dnd.wizards.com/articles/features/systems-reference-document-srd",
            "name": "Rapier",
            "properties": [
                "finesse"
            ],
            "slug": "rapier",
            "weight": "2 lb."
        },
        {
            "category": "Martial Melee Weapons",
            "cost": "25 gp",
            "damage_dice": "1d6",
            "damage_type": "slashing",
            "document__license_url": "http://open5e.com/legal",
            "document__slug": "wotc-srd",
            "document__title": "5e Core Rules",
            "document__url": "http://dnd.wizards.com/articles/features/systems-reference-document-srd",
            "name": "Scimitar",
            "properties": [
                "finesse",
                "light"
            ],
            "slug": "scimitar",
            "weight": "3 lb."
        },
        {
            "category": "Martial Melee Weapons",
            "cost": "10 gp",
            "damage_dice": "1d6",
            "damage_type": "piercing",
            "document__license_url": "http://open5e.com/legal",
            "document__slug": "wotc-srd",
            "document__title": "5e Core Rules",
            "document__url": "http://dnd.wizards.com/articles/features/systems-reference-document-srd",
            "name": "Shortsword",
            "properties": [
                "finesse",
                "light"
            ],
            "slug": "shortsword",
            "weight": "2 lb."
        },
        {
            "category": "Martial Melee Weapons",
            "cost": "5 gp",
            "damage_dice": "1d6",
            "damage_type": "piercing",
            "document__license_url": "http://open5e.com/legal",
            "document__slug": "wotc-srd",
            "document__title": "5e Core Rules",
            "document__url": "http://dnd.wizards.com/articles/features/systems-reference-document-srd",
            "name": "Trident",
            "properties": [
                "thrown (range 20/60)",
                "versatile (1d8)"
            ],
            "slug": "trident",
            "weight": "4 lb."
        },
        {
            "category": "Martial Melee Weapons",
            "cost": "5 gp",
            "damage_dice": "1d8",
            "damage_type": "piercing",
            "document__license_url": "http://open5e.com/legal",
            "document__slug": "wotc-srd",
            "document__title": "5e Core Rules",
            "document__url": "http://dnd.wizards.com/articles/features/systems-reference-document-srd",
            "name": "War pick",
            "properties": [],
            "slug": "war-pick",
            "weight": "2 lb."
        },
        {
            "category": "Martial Melee Weapons",
            "cost": "15 gp",
            "damage_dice": "1d8",
            "damage_type": "bludgeoning",
            "document__license_url": "http://open5e.com/legal",
            "document__slug": "wotc-srd",
            "document__title": "5e Core Rules",
            "document__url": "http://dnd.wizards.com/articles/features/systems-reference-document-srd",
            "name": "Warhammer",
            "properties": [
                "versatile (1d10)"
            ],
            "slug": "warhammer",
            "weight": "2 lb."
        },
        {
            "category": "Martial Melee Weapons",
            "cost": "2 gp",
            "damage_dice": "1d4",
            "damage_type": "slashing",
            "document__license_url": "http://open5e.com/legal",
            "document__slug": "wotc-srd",
            "document__title": "5e Core Rules",
            "document__url": "http://dnd.wizards.com/articles/features/systems-reference-document-srd",
            "name": "Whip",
            "properties": [
                "finesse",
                "reach"
            ],
            "slug": "whip",
            "weight": "3 lb."
        },
        {
            "category": "Martial Ranged Weapons",
            "cost": "10 gp",
            "damage_dice": "1",
            "damage_type": "piercing",
            "document__license_url": "http://open5e.com/legal",
            "document__slug": "wotc-srd",
            "document__title": "5e Core Rules",
            "document__url": "http://dnd.wizards.com/articles/features/systems-reference-document-srd",
            "name": "Blowgun",
            "properties": [
                "ammunition (range 25/100)",
                "loading"
            ],
            "slug": "blowgun",
            "weight": "1 lb."
        },
        {
            "category": "Martial Ranged Weapons",
            "cost": "75 gp",
            "damage_dice": "1d6",
            "damage_type": "piercing",
            "document__license_url": "http://open5e.com/legal",
            "document__slug": "wotc-srd",
            "document__title": "5e Core Rules",
            "document__url": "http://dnd.wizards.com/articles/features/systems-reference-document-srd",
            "name": "Crossbow, hand",
            "properties": [
                "ammunition (range 30/120)",
                "light",
                "loading"
            ],
            "slug": "crossbow-hand",
            "weight": "3 lb."
        },
        {
            "category": "Martial Ranged Weapons",
            "cost": "50 gp",
            "damage_dice": "1d10",
            "damage_type": "piercing",
            "document__license_url": "http://open5e.com/legal",
            "document__slug": "wotc-srd",
            "document__title": "5e Core Rules",
            "document__url": "http://dnd.wizards.com/articles/features/systems-reference-document-srd",
            "name": "Crossbow, heavy",
            "properties": [
                "ammunition (range 100/400)",
                "heavy",
                "loading",
                "two-handed"
            ],
            "slug": "crossbow-heavy",
            "weight": "18 lb."
        },
        {
            "category": "Martial Ranged Weapons",
            "cost": "50 gp",
            "damage_dice": "1d8",
            "damage_type": "piercing",
            "document__license_url": "http://open5e.com/legal",
            "document__slug": "wotc-srd",
            "document__title": "5e Core Rules",
            "document__url": "http://dnd.wizards.com/articles/features/systems-reference-document-srd",
            "name": "Longbow",
            "properties": [
                "ammunition (range 150/600)",
                "heavy",
                "two-handed"
            ],
            "slug": "longbow",
            "weight": "2 lb."
        },
        {
            "category": "Martial Ranged Weapons",
            "cost": "1 gp",
            "damage_dice": "0",
            "damage_type": "",
            "document__license_url": "http://open5e.com/legal",
            "document__slug": "wotc-srd",
            "document__title": "5e Core Rules",
            "document__url": "http://dnd.wizards.com/articles/features/systems-reference-document-srd",
            "name": "Net",
            "properties": [
                "special",
                "thrown (range 5/15)"
            ],
            "slug": "net",
            "weight": "3 lb."
        },
        {
            "category": "Simple Melee Weapons",
            "cost": "1 sp",
            "damage_dice": "1d6",
            "damage_type": "bludgeoning",
            "document__license_url": "http://open5e.com/legal",
            "document__slug": "toh",
            "document__title": "Tome of Heroes",
            "document__url": "https://koboldpress.com/kpstore/product/tome-of-heroes-for-5th-edition/",
            "name": "Barge Pole",
            "properties": [
                "reach",
                "special",
                "two-handed"
            ],
            "slug": "barge-pole",
            "weight": "5 lb."
        },
        {
            "category": "Simple Melee Weapons",
            "cost": "25 gp",
            "damage_dice": "1d4",
            "damage_type": "bludgeoning",
            "document__license_url": "http://open5e.com/legal",
            "document__slug": "toh",
            "document__title": "Tome of Heroes",
            "document__url": "https://koboldpress.com/kpstore/product/tome-of-heroes-for-5th-edition/",
            "name": "Granite Fist",
            "properties": [
                ""
            ],
            "slug": "granite-fist",
            "weight": "5 lb."
        },
        {
            "category": "Simple Melee Weapons",
            "cost": "3 gp",
            "damage_dice": "1d4",
            "damage_type": "piercing",
            "document__license_url": "http://open5e.com/legal",
            "document__slug": "toh",
            "document__title": "Tome of Heroes",
            "document__url": "https://koboldpress.com/kpstore/product/tome-of-heroes-for-5th-edition/",
            "name": "Light Pick",
            "properties": [
                "light",
                "thrown (20/60)",
                ""
            ],
            "slug": "light-pick",
            "weight": "2 lb."
        },
        {
            "category": "Simple Melee Weapons",
            "cost": "5 gp",
            "damage_dice": "1d8",
            "damage_type": "piercing",
            "document__license_url": "http://open5e.com/legal",
            "document__slug": "toh",
            "document__title": "Tome of Heroes",
            "document__url": "https://koboldpress.com/kpstore/product/tome-of-heroes-for-5th-edition/",
            "name": "Stone Rake",
            "properties": [
                "two-handed"
            ],
            "slug": "stone-rake",
            "weight": "5 lb."
        },
        {
            "category": "Simple Ranged Weapons",
            "cost": "100 gp",
            "damage_dice": "1d8",
            "damage_type": "piercing",
            "document__license_url": "http://open5e.com/legal",
            "document__slug": "toh",
            "document__title": "Tome of Heroes",
            "document__url": "https://koboldpress.com/kpstore/product/tome-of-heroes-for-5th-edition/",
            "name": "Clockwork Crossbow",
            "properties": [
                "ammunition (60/240)",
                "magazine (6)",
                "two-handed"
            ],
            "slug": "clockwork-crossbow",
            "weight": "8 lb."
        },
        {
            "category": "Simple Ranged Weapons",
            "cost": "25 gp",
            "damage_dice": "1d6",
            "damage_type": "piercing",
            "document__license_url": "http://open5e.com/legal",
            "document__slug": "toh",
            "document__title": "Tome of Heroes",
            "document__url": "https://koboldpress.com/kpstore/product/tome-of-heroes-for-5th-edition/",
            "name": "Pistol",
            "properties": [
                "ammunition (range 30/120)",
                "gunpowder",
                "light",
                "loading"
            ],
            "slug": "pistol",
            "weight": "5 lb."
        },
        {
            "category": "Martial Melee Weapons",
            "cost": "25 gp",
            "damage_dice": "1d8",
            "damage_type": "slashing",
            "document__license_url": "http://open5e.com/legal",
            "document__slug": "toh",
            "document__title": "Tome of Heroes",
            "document__url": "https://koboldpress.com/kpstore/product/tome-of-heroes-for-5th-edition/",
            "name": "Axespear",
            "properties": [
                "double-headed (1d4)",
                "two-handed"
            ],
            "slug": "axespear",
            "weight": "8 lb."
        },
        {
            "category": "Martial Melee Weapons",
            "cost": "100 gp",
            "damage_dice": "1d4",
            "damage_type": "slashing",
            "document__license_url": "http://open5e.com/legal",
            "document__slug": "toh",
            "document__title": "Tome of Heroes",
            "document__url": "https://koboldpress.com/kpstore/product/tome-of-heroes-for-5th-edition/",
            "name": "Bladed Scarf",
            "properties": [
                "finesse",
                "reach",
                "special"
            ],
            "slug": "bladed-scarf",
            "weight": "3 lb."
        },
        {
            "category": "Martial Melee Weapons",
            "cost": "50 gp",
            "damage_dice": "1d8",
            "damage_type": "slashing",
            "document__license_url": "http://open5e.com/legal",
            "document__slug": "toh",
            "document__title": "Tome of Heroes",
            "document__url": "https://koboldpress.com/kpstore/product/tome-of-heroes-for-5th-edition/",
            "name": "Double Axe",
            "properties": [
                "double-headed (1d6)",
                "heavy",
                "two-handed"
            ],
            "slug": "double-axe",
            "weight": "10 lb."
        },
        {
            "category": "Martial Melee Weapons",
            "cost": "15 gp",
            "damage_dice": "1d6",
            "damage_type": "slashing",
            "document__license_url": "http://open5e.com/legal",
            "document__slug": "toh",
            "document__title": "Tome of Heroes",
            "document__url": "https://koboldpress.com/kpstore/product/tome-of-heroes-for-5th-edition/",
            "name": "Chain Hook",
            "properties": [
                "reach",
                "special",
                "thrown (range 10/20)"
            ],
            "slug": "chain-hook",
            "weight": "3 lb."
        },
        {
            "category": "Martial Melee Weapons",
            "cost": "15 gp",
            "damage_dice": "1d6",
            "damage_type": "slashing",
            "document__license_url": "http://open5e.com/legal",
            "document__slug": "toh",
            "document__title": "Tome of Heroes",
            "document__url": "https://koboldpress.com/kpstore/product/tome-of-heroes-for-5th-edition/",
            "name": "Chakram",
            "properties": [
                "thrown (range 20/60)"
            ],
            "slug": "chakram",
            "weight": "1 lb."
        },
        {
            "category": "Martial Melee Weapons",
            "cost": "6 gp",
            "damage_dice": "1d4",
            "damage_type": "slashing",
            "document__license_url": "http://open5e.com/legal",
            "document__slug": "toh",
            "document__title": "Tome of Heroes",
            "document__url": "https://koboldpress.com/kpstore/product/tome-of-heroes-for-5th-edition/",
            "name": "Climbing Adze",
            "properties": [
                "light"
            ],
            "slug": "climbing-adze",
            "weight": "3 lb."
        },
        {
            "category": "Martial Melee Weapons",
            "cost": "25 gp",
            "damage_dice": "1d4",
            "damage_type": "bludgeoning",
            "document__license_url": "http://open5e.com/legal",
            "document__slug": "toh",
            "document__title": "Tome of Heroes",
            "document__url": "https://koboldpress.com/kpstore/product/tome-of-heroes-for-5th-edition/",
            "name": "Club Shield",
            "properties": [
                "light",
                "special"
            ],
            "slug": "club-shield",
            "weight": "2 lb."
        }
    ]
}
